// Jest Snapshot v1, https://goo.gl/fbAQLP

exports[`KeyPad have not changed the UI 1`] = `
<div
  className="KeyPad"
>
  <div
    className="NumbersContainer"
  >
    <Key
      clicked={[MockFunction]}
      key="1"
      keyType="NumberKey"
      value="1"
    />
    <Key
      clicked={[MockFunction]}
      key="2"
      keyType="NumberKey"
      value="2"
    />
    <Key
      clicked={[MockFunction]}
      key="3"
      keyType="NumberKey"
      value="3"
    />
    <Key
      clicked={[MockFunction]}
      key="4"
      keyType="NumberKey"
      value="4"
    />
    <Key
      clicked={[MockFunction]}
      key="5"
      keyType="NumberKey"
      value="5"
    />
    <Key
      clicked={[MockFunction]}
      key="6"
      keyType="NumberKey"
      value="6"
    />
    <Key
      clicked={[MockFunction]}
      key="7"
      keyType="NumberKey"
      value="7"
    />
    <Key
      clicked={[MockFunction]}
      key="8"
      keyType="NumberKey"
      value="8"
    />
    <Key
      clicked={[MockFunction]}
      key="9"
      keyType="NumberKey"
      value="9"
    />
    <Key
      clicked={[MockFunction]}
      key="."
      keyType="NumberKey"
      value="."
    />
    <Key
      clicked={[MockFunction]}
      key="0"
      keyType="NumberKey"
      value="0"
    />
    <Key
      clicked={[MockFunction]}
      key="CE"
      keyType="NumberKey"
      value="CE"
    />
  </div>
  <div
    className="OperatorsContainer"
  >
    <Key
      clicked={[MockFunction]}
      key="+"
      keyType="OperatorKey"
      value="+"
    />
    <Key
      clicked={[MockFunction]}
      key="-"
      keyType="OperatorKey"
      value="-"
    />
    <Key
      clicked={[MockFunction]}
      key="*"
      keyType="OperatorKey"
      value="*"
    />
    <Key
      clicked={[MockFunction]}
      key="/"
      keyType="OperatorKey"
      value="/"
    />
  </div>
  <div
    className="SubmitContainer"
  >
    <Key
      clicked={[MockFunction]}
      keyType="SubmitKey"
      value="="
    />
  </div>
</div>
`;
